// Jest Snapshot v1, https://goo.gl/fbAQLP

exports[`should render the Header 1`] = `
<div
  className="urls text-center"
>
  <form
    className="form"
    onSubmit={[Function]}
  >
    <input
      className="input"
      onChange={[Function]}
      placeholder="Paste a URL to shorten"
    />
    <br />
    <button
      className="btn btn-primary btn-lg"
    >
      Shorten URL
    </button>
  </form>
</div>
`;
